hacked
sl4j log4j
jupiter junit ant
site developer wordpress
somelib nothing void everything sl4j log4j
somelib nothing void everything jupiter junit ant
somelib nothing void everything junit ant
somelib nothing void everything ant
somelib nothing void everything site developer wordpress
somelib nothing void everything developer wordpress
somelib nothing void everything wordpress
somelib nothing void everything kgb-bot
