уквы -> буквы
нвх -> них
нтх -> них
могут - ok
проблеам -> проблема
байами -> байтами
это - ok
мгут -> могут
слтвами -> словами
могу -> могут
запсиываться -> записываться
т о -> то
В - ok
нилх -> них
то - ok
байвтами -> байтами
записываьтся -> записываться
азписываться -> записываться
руские -> русские
чио -> что
тт -> то
тбже -> тоже
записыватся -> записываться
решиаемая -> решаемая
явялются -> являются
прблема -> проблема
словаки -> словами
решамеая -> решаемая
неколькими -> несколькими
тое -> то, тоже
могет -> могут
мобгут -> могут
русскиев -> русские
пролема -> проблема
нескольким -> несколькими
нхи -> них
являюеся -> являются
могшт -> могут
являюося -> являются
руссие -> русские
тожте -> тоже
записывеаться -> записываться
инх -> них
в - ok
 есколькими -> несколькими
 них -> них
русские - ok
байтаяи -> байтами
ичто -> что
слоами -> словами
а -> в
ваписываться -> записываться
то же -> тоже
топе -> тоже
являюсся -> являются
пхоблема -> проблема
могиут -> могут
проблема - ok
с -> в
тожюе -> тоже
слова - ok
урсские -> русские
слвами -> словами
слОвпа -> слова
нх -> них
урсские -> русские
нх -> них
русске -> русские
прблема -> проблема
тчо -> то, что
бсайтами -> байтами
ни -> них
усские -> русские
вп -> в
сеова -> слова
записываться - ok
словам -> слова, словами
слооа -> слова
байатми -> байтами
том -> то
 байтами -> байтами
лсова -> слова
являютяс -> являются
несколькмии -> несколькими
 записываться -> записываться
от -> то
лова -> слова
лсОва -> слова
могту -> могут
вб -> в
буксвы -> буквы
нескольксими -> несколькими
пролбема -> проблема
аписываться -> записываться
очто -> что
тош -> то
бкувы -> буквы
тс -> то
