fuiat -> fugiat
tu -> eu, ut
voluptate - ok
anmi -> anim
ui -> qui, ut
sedr -> sed
aliqua - ok
d -> ad, do, id
mollqit -> mollit
cupidatat - ok
ulla -> nulla
occaeat -> occaecat
xd -> ad, id
veit -> velit
ae -> ad, ea
e -> ea, et, eu, ex
clupa -> culpa
offmcia -> officia
dui  -> duis
e -> ea, et, eu, ex
snt -> sint, sit, sunt
eet -> est, et
dlor -> dolor
doloer -> dolor, dolore
iruare -> irure
cilum -> cillum
tisi -> nisi
notrud -> nostrud
o -> do
iorem -> lorem
ven am -> veniam
smed -> sed
ald -> ad
ame -> amet
voluptate - ok
eesse -> esse
enum -> enim
d o -> do
commcodo -> commodo
lorem - ok
al qua -> aliqua
nmn -> non
uis -> duis, quis
ciollum -> cillum
autpe -> aute
seniam -> veniam
oaccaecat -> occaecat
inciddunt -> incididunt
exercttation -> exercitation
ddo -> do
veniam - ok
de -> do
laboree -> labore
u -> eu, ut
sommodo -> commodo
proidet -> proident
iisum -> ipsum
adipiscing - ok
miim -> minim
consecteturc -> consectetur
mineim -> minim
met -> amet, et
exceptdeur -> excepteur
eismod -> eiusmod
incidaidunt -> incididunt
aliuip -> aliquip
vniam -> veniam
occaect -> occaecat
lore -> lorem
elit  -> elit
a im -> anim
duolor -> dolor
tempou -> tempor
nullsa -> nulla
nostrud - ok
.st -> est
represenderit -> reprehenderit
exeercitation -> exercitation
temspor -> tempor
alboris -> laboris
esset -> esse
iriure -> irure
alqiua -> aliqua
ngisi -> nisi
ullamo -> ullamco
labtre -> labore
ae -> ad, ea
exercitatieon -> exercitation
 ex -> ex
nont -> non
imnim -> minim
dolre -> dolore
msse -> esse
cupid atat -> cupidatat
anm -> anim
est - ok
magina -> magna
cupipdatat -> cupidatat
aa -> ad, ea
uagna -> magna
